Archive member included to satisfy reference by file (symbol)

D:/STMicroelectronics/STM32CubeIDE_1.14.0/STM32CubeIDE/plugins/com.st.stm32cube.ide.mcu.externaltools.gnu-tools-for-stm32.11.3.rel1.win32_1.1.100.202309141235/tools/bin/../lib/gcc/arm-none-eabi/11.3.1/../../../../arm-none-eabi/lib/thumb/v7e-m+fp/hard\libc_nano.a(libc_a-exit.o)
                              D:/STMicroelectronics/STM32CubeIDE_1.14.0/STM32CubeIDE/plugins/com.st.stm32cube.ide.mcu.externaltools.gnu-tools-for-stm32.11.3.rel1.win32_1.1.100.202309141235/tools/bin/../lib/gcc/arm-none-eabi/11.3.1/../../../../arm-none-eabi/lib/thumb/v7e-m+fp/hard/crt0.o (exit)
D:/STMicroelectronics/STM32CubeIDE_1.14.0/STM32CubeIDE/plugins/com.st.stm32cube.ide.mcu.externaltools.gnu-tools-for-stm32.11.3.rel1.win32_1.1.100.202309141235/tools/bin/../lib/gcc/arm-none-eabi/11.3.1/../../../../arm-none-eabi/lib/thumb/v7e-m+fp/hard\libc_nano.a(libc_a-findfp.o)
                              D:/STMicroelectronics/STM32CubeIDE_1.14.0/STM32CubeIDE/plugins/com.st.stm32cube.ide.mcu.externaltools.gnu-tools-for-stm32.11.3.rel1.win32_1.1.100.202309141235/tools/bin/../lib/gcc/arm-none-eabi/11.3.1/../../../../arm-none-eabi/lib/thumb/v7e-m+fp/hard\libc_nano.a(libc_a-exit.o) (__stdio_exit_handler)
D:/STMicroelectronics/STM32CubeIDE_1.14.0/STM32CubeIDE/plugins/com.st.stm32cube.ide.mcu.externaltools.gnu-tools-for-stm32.11.3.rel1.win32_1.1.100.202309141235/tools/bin/../lib/gcc/arm-none-eabi/11.3.1/../../../../arm-none-eabi/lib/thumb/v7e-m+fp/hard\libc_nano.a(libc_a-fwalk.o)
                              D:/STMicroelectronics/STM32CubeIDE_1.14.0/STM32CubeIDE/plugins/com.st.stm32cube.ide.mcu.externaltools.gnu-tools-for-stm32.11.3.rel1.win32_1.1.100.202309141235/tools/bin/../lib/gcc/arm-none-eabi/11.3.1/../../../../arm-none-eabi/lib/thumb/v7e-m+fp/hard\libc_nano.a(libc_a-findfp.o) (_fwalk_sglue)
D:/STMicroelectronics/STM32CubeIDE_1.14.0/STM32CubeIDE/plugins/com.st.stm32cube.ide.mcu.externaltools.gnu-tools-for-stm32.11.3.rel1.win32_1.1.100.202309141235/tools/bin/../lib/gcc/arm-none-eabi/11.3.1/../../../../arm-none-eabi/lib/thumb/v7e-m+fp/hard\libc_nano.a(libc_a-puts.o)
                              ./Src/main.o (puts)
D:/STMicroelectronics/STM32CubeIDE_1.14.0/STM32CubeIDE/plugins/com.st.stm32cube.ide.mcu.externaltools.gnu-tools-for-stm32.11.3.rel1.win32_1.1.100.202309141235/tools/bin/../lib/gcc/arm-none-eabi/11.3.1/../../../../arm-none-eabi/lib/thumb/v7e-m+fp/hard\libc_nano.a(libc_a-stdio.o)
                              D:/STMicroelectronics/STM32CubeIDE_1.14.0/STM32CubeIDE/plugins/com.st.stm32cube.ide.mcu.externaltools.gnu-tools-for-stm32.11.3.rel1.win32_1.1.100.202309141235/tools/bin/../lib/gcc/arm-none-eabi/11.3.1/../../../../arm-none-eabi/lib/thumb/v7e-m+fp/hard\libc_nano.a(libc_a-findfp.o) (__sread)
D:/STMicroelectronics/STM32CubeIDE_1.14.0/STM32CubeIDE/plugins/com.st.stm32cube.ide.mcu.externaltools.gnu-tools-for-stm32.11.3.rel1.win32_1.1.100.202309141235/tools/bin/../lib/gcc/arm-none-eabi/11.3.1/../../../../arm-none-eabi/lib/thumb/v7e-m+fp/hard\libc_nano.a(libc_a-wbuf.o)
                              D:/STMicroelectronics/STM32CubeIDE_1.14.0/STM32CubeIDE/plugins/com.st.stm32cube.ide.mcu.externaltools.gnu-tools-for-stm32.11.3.rel1.win32_1.1.100.202309141235/tools/bin/../lib/gcc/arm-none-eabi/11.3.1/../../../../arm-none-eabi/lib/thumb/v7e-m+fp/hard\libc_nano.a(libc_a-puts.o) (__swbuf_r)
D:/STMicroelectronics/STM32CubeIDE_1.14.0/STM32CubeIDE/plugins/com.st.stm32cube.ide.mcu.externaltools.gnu-tools-for-stm32.11.3.rel1.win32_1.1.100.202309141235/tools/bin/../lib/gcc/arm-none-eabi/11.3.1/../../../../arm-none-eabi/lib/thumb/v7e-m+fp/hard\libc_nano.a(libc_a-wsetup.o)
                              D:/STMicroelectronics/STM32CubeIDE_1.14.0/STM32CubeIDE/plugins/com.st.stm32cube.ide.mcu.externaltools.gnu-tools-for-stm32.11.3.rel1.win32_1.1.100.202309141235/tools/bin/../lib/gcc/arm-none-eabi/11.3.1/../../../../arm-none-eabi/lib/thumb/v7e-m+fp/hard\libc_nano.a(libc_a-puts.o) (__swsetup_r)
D:/STMicroelectronics/STM32CubeIDE_1.14.0/STM32CubeIDE/plugins/com.st.stm32cube.ide.mcu.externaltools.gnu-tools-for-stm32.11.3.rel1.win32_1.1.100.202309141235/tools/bin/../lib/gcc/arm-none-eabi/11.3.1/../../../../arm-none-eabi/lib/thumb/v7e-m+fp/hard\libc_nano.a(libc_a-memset.o)
                              D:/STMicroelectronics/STM32CubeIDE_1.14.0/STM32CubeIDE/plugins/com.st.stm32cube.ide.mcu.externaltools.gnu-tools-for-stm32.11.3.rel1.win32_1.1.100.202309141235/tools/bin/../lib/gcc/arm-none-eabi/11.3.1/../../../../arm-none-eabi/lib/thumb/v7e-m+fp/hard/crt0.o (memset)
D:/STMicroelectronics/STM32CubeIDE_1.14.0/STM32CubeIDE/plugins/com.st.stm32cube.ide.mcu.externaltools.gnu-tools-for-stm32.11.3.rel1.win32_1.1.100.202309141235/tools/bin/../lib/gcc/arm-none-eabi/11.3.1/../../../../arm-none-eabi/lib/thumb/v7e-m+fp/hard\libc_nano.a(libc_a-closer.o)
[...]
Memory Configuration

Name             Origin             Length             Attributes
RAM              0x0000000020000000 0x0000000000020000 xrw
ROM              0x0000000008000000 0x0000000000100000 xr
*default*        0x0000000000000000 0xffffffffffffffff

Linker script and memory map

LOAD D:/STMicroelectronics/STM32CubeIDE_1.14.0/STM32CubeIDE/plugins/com.st.stm32cube.ide.mcu.externaltools.gnu-tools-for-stm32.11.3.rel1.win32_1.1.100.202309141235/tools/bin/../lib/gcc/arm-none-eabi/11.3.1/thumb/v7e-m+fp/hard/crti.o
LOAD D:/STMicroelectronics/STM32CubeIDE_1.14.0/STM32CubeIDE/plugins/com.st.stm32cube.ide.mcu.externaltools.gnu-tools-for-stm32.11.3.rel1.win32_1.1.100.202309141235/tools/bin/../lib/gcc/arm-none-eabi/11.3.1/thumb/v7e-m+fp/hard/crtbegin.o
LOAD D:/STMicroelectronics/STM32CubeIDE_1.14.0/STM32CubeIDE/plugins/com.st.stm32cube.ide.mcu.externaltools.gnu-tools-for-stm32.11.3.rel1.win32_1.1.100.202309141235/tools/bin/../lib/gcc/arm-none-eabi/11.3.1/../../../../arm-none-eabi/lib/thumb/v7e-m+fp/hard/crt0.o
LOAD ./Src/led.o
LOAD ./Src/main.o
LOAD ./Src/syscalls.o
LOAD ./Src/sysmem.o
LOAD ./Startup/startup_stm32f407vgtx.o
LOAD ./driver/Device/ST/ST/stm32f4xx/Source/system_stm32f4xx.o
START GROUP
LOAD D:/STMicroelectronics/STM32CubeIDE_1.14.0/STM32CubeIDE/plugins/com.st.stm32cube.ide.mcu.externaltools.gnu-tools-for-stm32.11.3.rel1.win32_1.1.100.202309141235/tools/bin/../lib/gcc/arm-none-eabi/11.3.1/../../../../arm-none-eabi/lib/thumb/v7e-m+fp/hard\libc_nano.a
LOAD D:/STMicroelectronics/STM32CubeIDE_1.14.0/STM32CubeIDE/plugins/com.st.stm32cube.ide.mcu.externaltools.gnu-tools-for-stm32.11.3.rel1.win32_1.1.100.202309141235/tools/bin/../lib/gcc/arm-none-eabi/11.3.1/../../../../arm-none-eabi/lib/thumb/v7e-m+fp/hard\libm.a
END GROUP
START GROUP
LOAD D:/STMicroelectronics/STM32CubeIDE_1.14.0/STM32CubeIDE/plugins/com.st.stm32cube.ide.mcu.externaltools.gnu-tools-for-stm32.11.3.rel1.win32_1.1.100.202309141235/tools/bin/../lib/gcc/arm-none-eabi/11.3.1/thumb/v7e-m+fp/hard\libgcc.a
LOAD D:/STMicroelectronics/STM32CubeIDE_1.14.0/STM32CubeIDE/plugins/com.st.stm32cube.ide.mcu.externaltools.gnu-tools-for-stm32.11.3.rel1.win32_1.1.100.202309141235/tools/bin/../lib/gcc/arm-none-eabi/11.3.1/../../../../arm-none-eabi/lib/thumb/v7e-m+fp/hard\libc_nano.a
END GROUP
START GROUP
LOAD D:/STMicroelectronics/STM32CubeIDE_1.14.0/STM32CubeIDE/plugins/com.st.stm32cube.ide.mcu.externaltools.gnu-tools-for-stm32.11.3.rel1.win32_1.1.100.202309141235/tools/bin/../lib/gcc/arm-none-eabi/11.3.1/thumb/v7e-m+fp/hard\libgcc.a
LOAD D:/STMicroelectronics/STM32CubeIDE_1.14.0/STM32CubeIDE/plugins/com.st.stm32cube.ide.mcu.externaltools.gnu-tools-for-stm32.11.3.rel1.win32_1.1.100.202309141235/tools/bin/../lib/gcc/arm-none-eabi/11.3.1/../../../../arm-none-eabi/lib/thumb/v7e-m+fp/hard\libc_nano.a
LOAD D:/STMicroelectronics/STM32CubeIDE_1.14.0/STM32CubeIDE/plugins/com.st.stm32cube.ide.mcu.externaltools.gnu-tools-for-stm32.11.3.rel1.win32_1.1.100.202309141235/tools/bin/../lib/gcc/arm-none-eabi/11.3.1/../../../../arm-none-eabi/lib/thumb/v7e-m+fp/hard\libnosys.a
END GROUP
START GROUP
LOAD D:/STMicroelectronics/STM32CubeIDE_1.14.0/STM32CubeIDE/plugins/com.st.stm32cube.ide.mcu.externaltools.gnu-tools-for-stm32.11.3.rel1.win32_1.1.100.202309141235/tools/bin/../lib/gcc/arm-none-eabi/11.3.1/thumb/v7e-m+fp/hard\libgcc.a
LOAD D:/STMicroelectronics/STM32CubeIDE_1.14.0/STM32CubeIDE/plugins/com.st.stm32cube.ide.mcu.externaltools.gnu-tools-for-stm32.11.3.rel1.win32_1.1.100.202309141235/tools/bin/../lib/gcc/arm-none-eabi/11.3.1/../../../../arm-none-eabi/lib/thumb/v7e-m+fp/hard\libc_nano.a
LOAD D:/STMicroelectronics/STM32CubeIDE_1.14.0/STM32CubeIDE/plugins/com.st.stm32cube.ide.mcu.externaltools.gnu-tools-for-stm32.11.3.rel1.win32_1.1.100.202309141235/tools/bin/../lib/gcc/arm-none-eabi/11.3.1/../../../../arm-none-eabi/lib/thumb/v7e-m+fp/hard\libnosys.a
END GROUP
LOAD D:/STMicroelectronics/STM32CubeIDE_1.14.0/STM32CubeIDE/plugins/com.st.stm32cube.ide.mcu.externaltools.gnu-tools-for-stm32.11.3.rel1.win32_1.1.100.202309141235/tools/bin/../lib/gcc/arm-none-eabi/11.3.1/thumb/v7e-m+fp/hard/crtend.o
LOAD D:/STMicroelectronics/STM32CubeIDE_1.14.0/STM32CubeIDE/plugins/com.st.stm32cube.ide.mcu.externaltools.gnu-tools-for-stm32.11.3.rel1.win32_1.1.100.202309141235/tools/bin/../lib/gcc/arm-none-eabi/11.3.1/thumb/v7e-m+fp/hard/crtn.o
                0x0000000020020000                _estack = (ORIGIN (RAM) + LENGTH (RAM))
                0x0000000000000200                _Min_Heap_Size = 0x200
                0x0000000000000400                _Min_Stack_Size = 0x400

.isr_vector     0x0000000008000000      0x1a8
                0x0000000008000000                . = ALIGN (0x4)
 *(.isr_vector)
 .isr_vector    0x0000000008000000      0x1a8 ./Startup/startup_stm32f407vgtx.o
                0x0000000008000000                g_pfnVectors
                0x00000000080001a8                . = ALIGN (0x4)

.text           0x00000000080001a8     0x1190
                0x00000000080001a8                . = ALIGN (0x4)
 *(.text)
 .text          0x00000000080001a8       0x40 D:/STMicroelectronics/STM32CubeIDE_1.14.0/STM32CubeIDE/plugins/com.st.stm32cube.ide.mcu.externaltools.gnu-tools-for-stm32.11.3.rel1.win32_1.1.100.202309141235/tools/bin/../lib/gcc/arm-none-eabi/11.3.1/thumb/v7e-m+fp/hard/crtbegin.o
 *(.text*)
 .text.led_init_all
                0x00000000080001e8       0x74 ./Src/led.o
                0x00000000080001e8                led_init_all
 .text.led_off  0x000000000800025c       0x34 ./Src/led.o
                0x000000000800025c                led_off
 .text.__NVIC_SetPriority
                0x0000000008000290       0x54 ./Src/main.o
 .text.SysTick_Config
                0x00000000080002e4       0x44 ./Src/main.o
 .text.main     0x0000000008000328       0x2c ./Src/main.o
                0x0000000008000328                main
 .text.idle_task
                0x0000000008000354       0x1c ./Src/main.o
                0x0000000008000354                idle_task
 .text.task1_handler
                0x0000000008000370       0x1c ./Src/main.o
                0x0000000008000370                task1_handler
 .text.task2_handler
                0x000000000800038c       0x1c ./Src/main.o
                0x000000000800038c                task2_handler
 .text.task3_handler
                0x00000000080003a8       0x1c ./Src/main.o
                0x00000000080003a8                task3_handler
 .text.task4_handler
                0x00000000080003c4       0x1c ./Src/main.o
                0x00000000080003c4                task4_handler
 .text.init_systick_timer
                0x00000000080003e0       0x28 ./Src/main.o
                0x00000000080003e0                init_systick_timer
 .text.init_scheduler_stack
                0x0000000008000408        0xe ./Src/main.o
                0x0000000008000408                init_scheduler_stack
 *fill*         0x0000000008000416        0x2 
 .text.init_tasks_stack
                0x0000000008000418      0x11c ./Src/main.o
                0x0000000008000418                init_tasks_stack
 .text.enable_processor_faults
                0x0000000008000534       0x38 ./Src/main.o
                0x0000000008000534                enable_processor_faults
 .text.get_psp_value
                0x000000000800056c       0x24 ./Src/main.o
                0x000000000800056c                get_psp_value
 .text.save_psp_value
                0x0000000008000590       0x2c ./Src/main.o
                0x0000000008000590                save_psp_value
 .text.update_next_task
                0x00000000080005bc       0x88 ./Src/main.o
                0x00000000080005bc                update_next_task
 .text.switch_sp_to_psp
                0x0000000008000644       0x1a ./Src/main.o
                0x0000000008000644                switch_sp_to_psp
 *fill*         0x000000000800065e        0x2 
 .text.schedule
                0x0000000008000660       0x20 ./Src/main.o
                0x0000000008000660                schedule
 .text.task_delay
                0x0000000008000680       0x60 ./Src/main.o
                0x0000000008000680                task_delay
 .text.PendSV_Handler
                0x00000000080006e0       0x26 ./Src/main.o
                0x00000000080006e0                PendSV_Handler
 *fill*         0x0000000008000706        0x2 
 .text.update_global_tick_count
                0x0000000008000708       0x1c ./Src/main.o
                0x0000000008000708                update_global_tick_count
 .text.unblock_tasks
                0x0000000008000724       0x60 ./Src/main.o
                0x0000000008000724                unblock_tasks
 .text.SysTick_Handler
                0x0000000008000784       0x20 ./Src/main.o
                0x0000000008000784                SysTick_Handler
 .text.HardFault_Handler
                0x00000000080007a4       0x10 ./Src/main.o
                0x00000000080007a4                HardFault_Handler
 .text.MemManage_Handler
                0x00000000080007b4       0x10 ./Src/main.o
                0x00000000080007b4                MemManage_Handler
 .text.BusFault_Handler
                0x00000000080007c4       0x10 ./Src/main.o
                0x00000000080007c4                BusFault_Handler
 .text.ITM_SendChar
                0x00000000080007d4       0x50 ./Src/syscalls.o
                0x00000000080007d4                ITM_SendChar
 .text._read    0x0000000008000824       0x3a ./Src/syscalls.o
                0x0000000008000824                _read
 .text._write   0x000000000800085e       0x38 ./Src/syscalls.o
                0x000000000800085e                _write
 .text._close   0x0000000008000896       0x18 ./Src/syscalls.o
                0x0000000008000896                _close
 .text._fstat   0x00000000080008ae       0x20 ./Src/syscalls.o
                0x00000000080008ae                _fstat
 .text._isatty  0x00000000080008ce       0x16 ./Src/syscalls.o
                0x00000000080008ce                _isatty
 .text._lseek   0x00000000080008e4       0x1a ./Src/syscalls.o
                0x00000000080008e4                _lseek
 *fill*         0x00000000080008fe        0x2 
 .text._sbrk    0x0000000008000900       0x58 ./Src/sysmem.o
                0x0000000008000900                _sbrk
 .text.Reset_Handler
                0x0000000008000958       0x50 ./Startup/startup_stm32f407vgtx.o
                0x0000000008000958                Reset_Handler
 .text.Default_Handler
                0x00000000080009a8        0x2 ./Startup/startup_stm32f407vgtx.o
                0x00000000080009a8                RTC_Alarm_IRQHandler
                0x00000000080009a8                HASH_RNG_IRQHandler
                0x00000000080009a8                EXTI2_IRQHandler
                0x00000000080009a8                TIM8_CC_IRQHandler
                0x00000000080009a8                DebugMon_Handler
                0x00000000080009a8                TIM1_CC_IRQHandler
                0x00000000080009a8                DMA2_Stream5_IRQHandler
                0x00000000080009a8                DMA1_Stream5_IRQHandler
                0x00000000080009a8                PVD_IRQHandler
                0x00000000080009a8                SDIO_IRQHandler
                0x00000000080009a8                TAMP_STAMP_IRQHandler
                0x00000000080009a8                NMI_Handler
                0x00000000080009a8                CAN2_RX1_IRQHandler
                0x00000000080009a8                EXTI3_IRQHandler
                0x00000000080009a8                TIM8_TRG_COM_TIM14_IRQHandler
                0x00000000080009a8                TIM1_UP_TIM10_IRQHandler
                0x00000000080009a8                TIM8_UP_TIM13_IRQHandler
                0x00000000080009a8                I2C3_ER_IRQHandler
                0x00000000080009a8                LCD_TFT_IRQHandler
                0x00000000080009a8                EXTI0_IRQHandler
                0x00000000080009a8                I2C2_EV_IRQHandler
                0x00000000080009a8                DMA1_Stream2_IRQHandler
                0x00000000080009a8                CAN1_RX0_IRQHandler
                0x00000000080009a8                FPU_IRQHandler
                0x00000000080009a8                OTG_HS_WKUP_IRQHandler
                0x00000000080009a8                UsageFault_Handler
                0x00000000080009a8                CAN2_SCE_IRQHandler
                0x00000000080009a8                DMA2_Stream2_IRQHandler
                0x00000000080009a8                SPI1_IRQHandler
                0x00000000080009a8                TIM6_DAC_IRQHandler
                0x00000000080009a8                TIM1_BRK_TIM9_IRQHandler
                0x00000000080009a8                DCMI_IRQHandler
                0x00000000080009a8                CAN2_RX0_IRQHandler
                0x00000000080009a8                DMA2_Stream3_IRQHandler
                0x00000000080009a8                USART6_IRQHandler
                0x00000000080009a8                USART3_IRQHandler
                0x00000000080009a8                CRYP_IRQHandler
                0x00000000080009a8                CAN1_RX1_IRQHandler
                0x00000000080009a8                UART5_IRQHandler
                0x00000000080009a8                DMA2_Stream0_IRQHandler
                0x00000000080009a8                TIM4_IRQHandler
                0x00000000080009a8                I2C1_EV_IRQHandler
                0x00000000080009a8                DMA1_Stream6_IRQHandler
                0x00000000080009a8                DMA1_Stream1_IRQHandler
                0x00000000080009a8                UART4_IRQHandler
                0x00000000080009a8                LCD_TFT_1_IRQHandler
                0x00000000080009a8                TIM3_IRQHandler
                0x00000000080009a8                RCC_IRQHandler
                0x00000000080009a8                TIM8_BRK_TIM12_IRQHandler
                0x00000000080009a8                Default_Handler
                0x00000000080009a8                EXTI15_10_IRQHandler
                0x00000000080009a8                ADC_IRQHandler
                0x00000000080009a8                DMA1_Stream7_IRQHandler
                0x00000000080009a8                TIM7_IRQHandler
                0x00000000080009a8                CAN2_TX_IRQHandler
                0x00000000080009a8                TIM5_IRQHandler
                0x00000000080009a8                DMA2_Stream7_IRQHandler
                0x00000000080009a8                I2C3_EV_IRQHandler
                0x00000000080009a8                EXTI9_5_IRQHandler
                0x00000000080009a8                RTC_WKUP_IRQHandler
                0x00000000080009a8                ETH_WKUP_IRQHandler
                0x00000000080009a8                SPI2_IRQHandler
                0x00000000080009a8                OTG_HS_EP1_IN_IRQHandler
                0x00000000080009a8                DMA1_Stream0_IRQHandler
                0x00000000080009a8                CAN1_TX_IRQHandler
                0x00000000080009a8                SVC_Handler
                0x00000000080009a8                EXTI4_IRQHandler
                0x00000000080009a8                FSMC_IRQHandler
                0x00000000080009a8                ETH_IRQHandler
                0x00000000080009a8                OTG_HS_EP1_OUT_IRQHandler
                0x00000000080009a8                WWDG_IRQHandler
                0x00000000080009a8                TIM2_IRQHandler
                0x00000000080009a8                OTG_FS_WKUP_IRQHandler
                0x00000000080009a8                TIM1_TRG_COM_TIM11_IRQHandler
                0x00000000080009a8                OTG_HS_IRQHandler
                0x00000000080009a8                EXTI1_IRQHandler
                0x00000000080009a8                USART2_IRQHandler
                0x00000000080009a8                I2C2_ER_IRQHandler
                0x00000000080009a8                DMA2_Stream1_IRQHandler
                0x00000000080009a8                CAN1_SCE_IRQHandler
                0x00000000080009a8                DMA2_Stream4_IRQHandler
                0x00000000080009a8                USART1_IRQHandler
                0x00000000080009a8                OTG_FS_IRQHandler
                0x00000000080009a8                SPI3_IRQHandler
                0x00000000080009a8                DMA1_Stream4_IRQHandler
                0x00000000080009a8                I2C1_ER_IRQHandler
                0x00000000080009a8                DMA2_Stream6_IRQHandler
                0x00000000080009a8                DMA1_Stream3_IRQHandler
 *fill*         0x00000000080009aa        0x2 
 .text.SystemInit
                0x00000000080009ac       0x1c ./driver/Device/ST/ST/stm32f4xx/Source/system_stm32f4xx.o
                0x00000000080009ac                SystemInit
 .text.std      0x00000000080009c8       0x6c D:/STMicroelectronics/STM32CubeIDE_1.14.0/STM32CubeIDE/plugins/com.st.stm32cube.ide.mcu.externaltools.gnu-tools-for-stm32.11.3.rel1.win32_1.1.100.202309141235/tools/bin/../lib/gcc/arm-none-eabi/11.3.1/../../../../arm-none-eabi/lib/thumb/v7e-m+fp/hard\libc_nano.a(libc_a-findfp.o)
 .text.stdio_exit_handler
                0x0000000008000a34       0x18 D:/STMicroelectronics/STM32CubeIDE_1.14.0/STM32CubeIDE/plugins/com.st.stm32cube.ide.mcu.externaltools.gnu-tools-for-stm32.11.3.rel1.win32_1.1.100.202309141235/tools/bin/../lib/gcc/arm-none-eabi/11.3.1/../../../../arm-none-eabi/lib/thumb/v7e-m+fp/hard\libc_nano.a(libc_a-findfp.o)
 .text.cleanup_stdio
                0x0000000008000a4c       0x40 D:/STMicroelectronics/STM32CubeIDE_1.14.0/STM32CubeIDE/plugins/com.st.stm32cube.ide.mcu.externaltools.gnu-tools-for-stm32.11.3.rel1.win32_1.1.100.202309141235/tools/bin/../lib/gcc/arm-none-eabi/11.3.1/../../../../arm-none-eabi/lib/thumb/v7e-m+fp/hard\libc_nano.a(libc_a-findfp.o)
 .text.global_stdio_init.part.0
                0x0000000008000a8c       0x3c D:/STMicroelectronics/STM32CubeIDE_1.14.0/STM32CubeIDE/plugins/com.st.stm32cube.ide.mcu.externaltools.gnu-tools-for-stm32.11.3.rel1.win32_1.1.100.202309141235/tools/bin/../lib/gcc/arm-none-eabi/11.3.1/../../../../arm-none-eabi/lib/thumb/v7e-m+fp/hard\libc_nano.a(libc_a-findfp.o)
 .text.__sfp_lock_acquire
                0x0000000008000ac8        0xc D:/STMicroelectronics/STM32CubeIDE_1.14.0/STM32CubeIDE/plugins/com.st.stm32cube.ide.mcu.externaltools.gnu-tools-for-stm32.11.3.rel1.win32_1.1.100.202309141235/tools/bin/../lib/gcc/arm-none-eabi/11.3.1/../../../../arm-none-eabi/lib/thumb/v7e-m+fp/hard\libc_nano.a(libc_a-findfp.o)
                0x0000000008000ac8                __sfp_lock_acquire
 .text.__sfp_lock_release
                0x0000000008000ad4        0xc D:/STMicroelectronics/STM32CubeIDE_1.14.0/STM32CubeIDE/plugins/com.st.stm32cube.ide.mcu.externaltools.gnu-tools-for-stm32.11.3.rel1.win32_1.1.100.202309141235/tools/bin/../lib/gcc/arm-none-eabi/11.3.1/../../../../arm-none-eabi/lib/thumb/v7e-m+fp/hard\libc_nano.a(libc_a-findfp.o)
                0x0000000008000ad4                __sfp_lock_release
 .text.__sinit  0x0000000008000ae0       0x30 D:/STMicroelectronics/STM32CubeIDE_1.14.0/STM32CubeIDE/plugins/com.st.stm32cube.ide.mcu.externaltools.gnu-tools-for-stm32.11.3.rel1.win32_1.1.100.202309141235/tools/bin/../lib/gcc/arm-none-eabi/11.3.1/../../../../arm-none-eabi/lib/thumb/v7e-m+fp/hard\libc_nano.a(libc_a-findfp.o)
                0x0000000008000ae0                __sinit
 .text._fwalk_sglue
                0x0000000008000b10       0x3c D:/STMicroelectronics/STM32CubeIDE_1.14.0/STM32CubeIDE/plugins/com.st.stm32cube.ide.mcu.externaltools.gnu-tools-for-stm32.11.3.rel1.win32_1.1.100.202309141235/tools/bin/../lib/gcc/arm-none-eabi/11.3.1/../../../../arm-none-eabi/lib/thumb/v7e-m+fp/hard\libc_nano.a(libc_a-fwalk.o)
                0x0000000008000b10                _fwalk_sglue
 .text._puts_r  0x0000000008000b4c       0xa8 D:/STMicroelectronics/STM32CubeIDE_1.14.0/STM32CubeIDE/plugins/com.st.stm32cube.ide.mcu.externaltools.gnu-tools-for-stm32.11.3.rel1.win32_1.1.100.202309141235/tools/bin/../lib/gcc/arm-none-eabi/11.3.1/../../../../arm-none-eabi/lib/thumb/v7e-m+fp/hard\libc_nano.a(libc_a-puts.o)
                0x0000000008000b4c                _puts_r
 .text.puts     0x0000000008000bf4       0x10 D:/STMicroelectronics/STM32CubeIDE_1.14.0/STM32CubeIDE/plugins/com.st.stm32cube.ide.mcu.externaltools.gnu-tools-for-stm32.11.3.rel1.win32_1.1.100.202309141235/tools/bin/../lib/gcc/arm-none-eabi/11.3.1/../../../../arm-none-eabi/lib/thumb/v7e-m+fp/hard\libc_nano.a(libc_a-puts.o)
                0x0000000008000bf4                puts
 .text.__sread  0x0000000008000c04       0x22 D:/STMicroelectronics/STM32CubeIDE_1.14.0/STM32CubeIDE/plugins/com.st.stm32cube.ide.mcu.externaltools.gnu-tools-for-stm32.11.3.rel1.win32_1.1.100.202309141235/tools/bin/../lib/gcc/arm-none-eabi/11.3.1/../../../../arm-none-eabi/lib/thumb/v7e-m+fp/hard\libc_nano.a(libc_a-stdio.o)
                0x0000000008000c04                __sread
 .text.__swrite
                0x0000000008000c26       0x38 D:/STMicroelectronics/STM32CubeIDE_1.14.0/STM32CubeIDE/plugins/com.st.stm32cube.ide.mcu.externaltools.gnu-tools-for-stm32.11.3.rel1.win32_1.1.100.202309141235/tools/bin/../lib/gcc/arm-none-eabi/11.3.1/../../../../arm-none-eabi/lib/thumb/v7e-m+fp/hard\libc_nano.a(libc_a-stdio.o)
                0x0000000008000c26                __swrite
 .text.__sseek  0x0000000008000c5e       0x24 D:/STMicroelectronics/STM32CubeIDE_1.14.0/STM32CubeIDE/plugins/com.st.stm32cube.ide.mcu.externaltools.gnu-tools-for-stm32.11.3.rel1.win32_1.1.100.202309141235/tools/bin/../lib/gcc/arm-none-eabi/11.3.1/../../../../arm-none-eabi/lib/thumb/v7e-m+fp/hard\libc_nano.a(libc_a-stdio.o)
                0x0000000008000c5e                __sseek
 .text.__sclose
                0x0000000008000c82        0x8 D:/STMicroelectronics/STM32CubeIDE_1.14.0/STM32CubeIDE/plugins/com.st.stm32cube.ide.mcu.externaltools.gnu-tools-for-stm32.11.3.rel1.win32_1.1.100.202309141235/tools/bin/../lib/gcc/arm-none-eabi/11.3.1/../../../../arm-none-eabi/lib/thumb/v7e-m+fp/hard\libc_nano.a(libc_a-stdio.o)
                0x0000000008000c82                __sclose
 .text.__swbuf_r
                0x0000000008000c8a       0x7a D:/STMicroelectronics/STM32CubeIDE_1.14.0/STM32CubeIDE/plugins/com.st.stm32cube.ide.mcu.externaltools.gnu-tools-for-stm32.11.3.rel1.win32_1.1.100.202309141235/tools/bin/../lib/gcc/arm-none-eabi/11.3.1/../../../../arm-none-eabi/lib/thumb/v7e-m+fp/hard\libc_nano.a(libc_a-wbuf.o)
                0x0000000008000c8a                __swbuf_r
 .text.__swsetup_r
                0x0000000008000d04       0xb0 D:/STMicroelectronics/STM32CubeIDE_1.14.0/STM32CubeIDE/plugins/com.st.stm32cube.ide.mcu.externaltools.gnu-tools-for-stm32.11.3.rel1.win32_1.1.100.202309141235/tools/bin/../lib/gcc/arm-none-eabi/11.3.1/../../../../arm-none-eabi/lib/thumb/v7e-m+fp/hard\libc_nano.a(libc_a-wsetup.o)
                0x0000000008000d04                __swsetup_r
 .text.memset   0x0000000008000db4       0x10 D:/STMicroelectronics/STM32CubeIDE_1.14.0/STM32CubeIDE/plugins/com.st.stm32cube.ide.mcu.externaltools.gnu-tools-for-stm32.11.3.rel1.win32_1.1.100.202309141235/tools/bin/../lib/gcc/arm-none-eabi/11.3.1/../../../../arm-none-eabi/lib/thumb/v7e-m+fp/hard\libc_nano.a(libc_a-memset.o)
                0x0000000008000db4                memset
 .text._close_r
                0x0000000008000dc4       0x20 D:/STMicroelectronics/STM32CubeIDE_1.14.0/STM32CubeIDE/plugins/com.st.stm32cube.ide.mcu.externaltools.gnu-tools-for-stm32.11.3.rel1.win32_1.1.100.202309141235/tools/bin/../lib/gcc/arm-none-eabi/11.3.1/../../../../arm-none-eabi/lib/thumb/v7e-m+fp/hard\libc_nano.a(libc_a-closer.o)
                0x0000000008000dc4                _close_r
 .text._lseek_r
                0x0000000008000de4       0x24 D:/STMicroelectronics/STM32CubeIDE_1.14.0/STM32CubeIDE/plugins/com.st.stm32cube.ide.mcu.externaltools.gnu-tools-for-stm32.11.3.rel1.win32_1.1.100.202309141235/tools/bin/../lib/gcc/arm-none-eabi/11.3.1/../../../../arm-none-eabi/lib/thumb/v7e-m+fp/hard\libc_nano.a(libc_a-lseekr.o)
                0x0000000008000de4                _lseek_r
 .text._read_r  0x0000000008000e08       0x24 D:/STMicroelectronics/STM32CubeIDE_1.14.0/STM32CubeIDE/plugins/com.st.stm32cube.ide.mcu.externaltools.gnu-tools-for-stm32.11.3.rel1.win32_1.1.100.202309141235/tools/bin/../lib/gcc/arm-none-eabi/11.3.1/../../../../arm-none-eabi/lib/thumb/v7e-m+fp/hard\libc_nano.a(libc_a-readr.o)
                0x0000000008000e08                _read_r
 .text._write_r
                0x0000000008000e2c       0x24 D:/STMicroelectronics/STM32CubeIDE_1.14.0/STM32CubeIDE/plugins/com.st.stm32cube.ide.mcu.externaltools.gnu-tools-for-stm32.11.3.rel1.win32_1.1.100.202309141235/tools/bin/../lib/gcc/arm-none-eabi/11.3.1/../../../../arm-none-eabi/lib/thumb/v7e-m+fp/hard\libc_nano.a(libc_a-writer.o)
                0x0000000008000e2c                _write_r
 .text.__errno  0x0000000008000e50        0xc D:/STMicroelectronics/STM32CubeIDE_1.14.0/STM32CubeIDE/plugins/com.st.stm32cube.ide.mcu.externaltools.gnu-tools-for-stm32.11.3.rel1.win32_1.1.100.202309141235/tools/bin/../lib/gcc/arm-none-eabi/11.3.1/../../../../arm-none-eabi/lib/thumb/v7e-m+fp/hard\libc_nano.a(libc_a-errno.o)
                0x0000000008000e50                __errno
 .text.__libc_init_array
                0x0000000008000e5c       0x48 D:/STMicroelectronics/STM32CubeIDE_1.14.0/STM32CubeIDE/plugins/com.st.stm32cube.ide.mcu.externaltools.gnu-tools-for-stm32.11.3.rel1.win32_1.1.100.202309141235/tools/bin/../lib/gcc/arm-none-eabi/11.3.1/../../../../arm-none-eabi/lib/thumb/v7e-m+fp/hard\libc_nano.a(libc_a-init.o)
                0x0000000008000e5c                __libc_init_array
 .text.__retarget_lock_init_recursive
                0x0000000008000ea4        0x2 D:/STMicroelectronics/STM32CubeIDE_1.14.0/STM32CubeIDE/plugins/com.st.stm32cube.ide.mcu.externaltools.gnu-tools-for-stm32.11.3.rel1.win32_1.1.100.202309141235/tools/bin/../lib/gcc/arm-none-eabi/11.3.1/../../../../arm-none-eabi/lib/thumb/v7e-m+fp/hard\libc_nano.a(libc_a-lock.o)
                0x0000000008000ea4                __retarget_lock_init_recursive
 .text.__retarget_lock_acquire_recursive
                0x0000000008000ea6        0x2 D:/STMicroelectronics/STM32CubeIDE_1.14.0/STM32CubeIDE/plugins/com.st.stm32cube.ide.mcu.externaltools.gnu-tools-for-stm32.11.3.rel1.win32_1.1.100.202309141235/tools/bin/../lib/gcc/arm-none-eabi/11.3.1/../../../../arm-none-eabi/lib/thumb/v7e-m+fp/hard\libc_nano.a(libc_a-lock.o)
                0x0000000008000ea6                __retarget_lock_acquire_recursive
 .text.__retarget_lock_release_recursive
                0x0000000008000ea8        0x2 D:/STMicroelectronics/STM32CubeIDE_1.14.0/STM32CubeIDE/plugins/com.st.stm32cube.ide.mcu.externaltools.gnu-tools-for-stm32.11.3.rel1.win32_1.1.100.202309141235/tools/bin/../lib/gcc/arm-none-eabi/11.3.1/../../../../arm-none-eabi/lib/thumb/v7e-m+fp/hard\libc_nano.a(libc_a-lock.o)
                0x0000000008000ea8                __retarget_lock_release_recursive
 *fill*         0x0000000008000eaa        0x2 
 .text._free_r  0x0000000008000eac       0x98 D:/STMicroelectronics/STM32CubeIDE_1.14.0/STM32CubeIDE/plugins/com.st.stm32cube.ide.mcu.externaltools.gnu-tools-for-stm32.11.3.rel1.win32_1.1.100.202309141235/tools/bin/../lib/gcc/arm-none-eabi/11.3.1/../../../../arm-none-eabi/lib/thumb/v7e-m+fp/hard\libc_nano.a(libc_a-freer.o)
                0x0000000008000eac                _free_r
 .text.sbrk_aligned
                0x0000000008000f44       0x40 D:/STMicroelectronics/STM32CubeIDE_1.14.0/STM32CubeIDE/plugins/com.st.stm32cube.ide.mcu.externaltools.gnu-tools-for-stm32.11.3.rel1.win32_1.1.100.202309141235/tools/bin/../lib/gcc/arm-none-eabi/11.3.1/../../../../arm-none-eabi/lib/thumb/v7e-m+fp/hard\libc_nano.a(libc_a-mallocr.o)
 .text._malloc_r
                0x0000000008000f84      0x100 D:/STMicroelectronics/STM32CubeIDE_1.14.0/STM32CubeIDE/plugins/com.st.stm32cube.ide.mcu.externaltools.gnu-tools-for-stm32.11.3.rel1.win32_1.1.100.202309141235/tools/bin/../lib/gcc/arm-none-eabi/11.3.1/../../../../arm-none-eabi/lib/thumb/v7e-m+fp/hard\libc_nano.a(libc_a-mallocr.o)
                0x0000000008000f84                _malloc_r
 .text.__malloc_lock
                0x0000000008001084        0xc D:/STMicroelectronics/STM32CubeIDE_1.14.0/STM32CubeIDE/plugins/com.st.stm32cube.ide.mcu.externaltools.gnu-tools-for-stm32.11.3.rel1.win32_1.1.100.202309141235/tools/bin/../lib/gcc/arm-none-eabi/11.3.1/../../../../arm-none-eabi/lib/thumb/v7e-m+fp/hard\libc_nano.a(libc_a-mlock.o)
                0x0000000008001084                __malloc_lock
 .text.__malloc_unlock
                0x0000000008001090        0xc D:/STMicroelectronics/STM32CubeIDE_1.14.0/STM32CubeIDE/plugins/com.st.stm32cube.ide.mcu.externaltools.gnu-tools-for-stm32.11.3.rel1.win32_1.1.100.202309141235/tools/bin/../lib/gcc/arm-none-eabi/11.3.1/../../../../arm-none-eabi/lib/thumb/v7e-m+fp/hard\libc_nano.a(libc_a-mlock.o)
                0x0000000008001090                __malloc_unlock
 .text.__sflush_r
                0x000000000800109c      0x10c D:/STMicroelectronics/STM32CubeIDE_1.14.0/STM32CubeIDE/plugins/com.st.stm32cube.ide.mcu.externaltools.gnu-tools-for-stm32.11.3.rel1.win32_1.1.100.202309141235/tools/bin/../lib/gcc/arm-none-eabi/11.3.1/../../../../arm-none-eabi/lib/thumb/v7e-m+fp/hard\libc_nano.a(libc_a-fflush.o)
                0x000000000800109c                __sflush_r
 .text._fflush_r
                0x00000000080011a8       0x50 D:/STMicroelectronics/STM32CubeIDE_1.14.0/STM32CubeIDE/plugins/com.st.stm32cube.ide.mcu.externaltools.gnu-tools-for-stm32.11.3.rel1.win32_1.1.100.202309141235/tools/bin/../lib/gcc/arm-none-eabi/11.3.1/../../../../arm-none-eabi/lib/thumb/v7e-m+fp/hard\libc_nano.a(libc_a-fflush.o)
                0x00000000080011a8                _fflush_r
 .text.__swhatbuf_r
                0x00000000080011f8       0x4c D:/STMicroelectronics/STM32CubeIDE_1.14.0/STM32CubeIDE/plugins/com.st.stm32cube.ide.mcu.externaltools.gnu-tools-for-stm32.11.3.rel1.win32_1.1.100.202309141235/tools/bin/../lib/gcc/arm-none-eabi/11.3.1/../../../../arm-none-eabi/lib/thumb/v7e-m+fp/hard\libc_nano.a(libc_a-makebuf.o)
                0x00000000080011f8                __swhatbuf_r
 .text.__smakebuf_r
                0x0000000008001244       0x78 D:/STMicroelectronics/STM32CubeIDE_1.14.0/STM32CubeIDE/plugins/com.st.stm32cube.ide.mcu.externaltools.gnu-tools-for-stm32.11.3.rel1.win32_1.1.100.202309141235/tools/bin/../lib/gcc/arm-none-eabi/11.3.1/../../../../arm-none-eabi/lib/thumb/v7e-m+fp/hard\libc_nano.a(libc_a-makebuf.o)
                0x0000000008001244                __smakebuf_r
 .text._fstat_r
                0x00000000080012bc       0x24 D:/STMicroelectronics/STM32CubeIDE_1.14.0/STM32CubeIDE/plugins/com.st.stm32cube.ide.mcu.externaltools.gnu-tools-for-stm32.11.3.rel1.win32_1.1.100.202309141235/tools/bin/../lib/gcc/arm-none-eabi/11.3.1/../../../../arm-none-eabi/lib/thumb/v7e-m+fp/hard\libc_nano.a(libc_a-fstatr.o)
                0x00000000080012bc                _fstat_r
 .text._isatty_r
                0x00000000080012e0       0x20 D:/STMicroelectronics/STM32CubeIDE_1.14.0/STM32CubeIDE/plugins/com.st.stm32cube.ide.mcu.externaltools.gnu-tools-for-stm32.11.3.rel1.win32_1.1.100.202309141235/tools/bin/../lib/gcc/arm-none-eabi/11.3.1/../../../../arm-none-eabi/lib/thumb/v7e-m+fp/hard\libc_nano.a(libc_a-isattyr.o)
                0x00000000080012e0                _isatty_r
 .text._sbrk_r  0x0000000008001300       0x20 D:/STMicroelectronics/STM32CubeIDE_1.14.0/STM32CubeIDE/plugins/com.st.stm32cube.ide.mcu.externaltools.gnu-tools-for-stm32.11.3.rel1.win32_1.1.100.202309141235/tools/bin/../lib/gcc/arm-none-eabi/11.3.1/../../../../arm-none-eabi/lib/thumb/v7e-m+fp/hard\libc_nano.a(libc_a-sbrkr.o)
                0x0000000008001300                _sbrk_r
 *(.glue_7)
 .glue_7        0x0000000008001320        0x0 linker stubs
 *(.glue_7t)
 .glue_7t       0x0000000008001320        0x0 linker stubs
 *(.eh_frame)
 .eh_frame      0x0000000008001320        0x0 D:/STMicroelectronics/STM32CubeIDE_1.14.0/STM32CubeIDE/plugins/com.st.stm32cube.ide.mcu.externaltools.gnu-tools-for-stm32.11.3.rel1.win32_1.1.100.202309141235/tools/bin/../lib/gcc/arm-none-eabi/11.3.1/thumb/v7e-m+fp/hard/crtbegin.o
 *(.init)
 .init          0x0000000008001320        0x4 D:/STMicroelectronics/STM32CubeIDE_1.14.0/STM32CubeIDE/plugins/com.st.stm32cube.ide.mcu.externaltools.gnu-tools-for-stm32.11.3.rel1.win32_1.1.100.202309141235/tools/bin/../lib/gcc/arm-none-eabi/11.3.1/thumb/v7e-m+fp/hard/crti.o
                0x0000000008001320                _init
 .init          0x0000000008001324        0x8 D:/STMicroelectronics/STM32CubeIDE_1.14.0/STM32CubeIDE/plugins/com.st.stm32cube.ide.mcu.externaltools.gnu-tools-for-stm32.11.3.rel1.win32_1.1.100.202309141235/tools/bin/../lib/gcc/arm-none-eabi/11.3.1/thumb/v7e-m+fp/hard/crtn.o
 *(.fini)
 .fini          0x000000000800132c        0x4 D:/STMicroelectronics/STM32CubeIDE_1.14.0/STM32CubeIDE/plugins/com.st.stm32cube.ide.mcu.externaltools.gnu-tools-for-stm32.11.3.rel1.win32_1.1.100.202309141235/tools/bin/../lib/gcc/arm-none-eabi/11.3.1/thumb/v7e-m+fp/hard/crti.o
                0x000000000800132c                _fini
 .fini          0x0000000008001330        0x8 D:/STMicroelectronics/STM32CubeIDE_1.14.0/STM32CubeIDE/plugins/com.st.stm32cube.ide.mcu.externaltools.gnu-tools-for-stm32.11.3.rel1.win32_1.1.100.202309141235/tools/bin/../lib/gcc/arm-none-eabi/11.3.1/thumb/v7e-m+fp/hard/crtn.o
                0x0000000008001338                . = ALIGN (0x4)
                0x0000000008001338                _etext = .

.vfp11_veneer   0x0000000008001338        0x0
 .vfp11_veneer  0x0000000008001338        0x0 linker stubs

.v4_bx          0x0000000008001338        0x0
 .v4_bx         0x0000000008001338        0x0 linker stubs

.iplt           0x0000000008001338        0x0
 .iplt          0x0000000008001338        0x0 D:/STMicroelectronics/STM32CubeIDE_1.14.0/STM32CubeIDE/plugins/com.st.stm32cube.ide.mcu.externaltools.gnu-tools-for-stm32.11.3.rel1.win32_1.1.100.202309141235/tools/bin/../lib/gcc/arm-none-eabi/11.3.1/thumb/v7e-m+fp/hard/crtbegin.o

.rodata         0x0000000008001338       0x48
                0x0000000008001338                . = ALIGN (0x4)
 *(.rodata)
 .rodata        0x0000000008001338       0x45 ./Src/main.o
 *(.rodata*)
                0x0000000008001380                . = ALIGN (0x4)
 *fill*         0x000000000800137d        0x3 

.rel.dyn        0x0000000008001380        0x0
 .rel.iplt      0x0000000008001380        0x0 D:/STMicroelectronics/STM32CubeIDE_1.14.0/STM32CubeIDE/plugins/com.st.stm32cube.ide.mcu.externaltools.gnu-tools-for-stm32.11.3.rel1.win32_1.1.100.202309141235/tools/bin/../lib/gcc/arm-none-eabi/11.3.1/thumb/v7e-m+fp/hard/crtbegin.o

.ARM.extab      0x0000000008001380        0x0
                0x0000000008001380                . = ALIGN (0x4)
 *(.ARM.extab* .gnu.linkonce.armextab.*)
                0x0000000008001380                . = ALIGN (0x4)

.ARM            0x0000000008001380        0x0
                0x0000000008001380                . = ALIGN (0x4)
                0x0000000008001380                __exidx_start = .
 *(.ARM.exidx*)
                0x0000000008001380                __exidx_end = .
                0x0000000008001380                . = ALIGN (0x4)

.preinit_array  0x0000000008001380        0x0
                0x0000000008001380                . = ALIGN (0x4)
                0x0000000008001380                PROVIDE (__preinit_array_start = .)
 *(.preinit_array*)
                0x0000000008001380                PROVIDE (__preinit_array_end = .)
                0x0000000008001380                . = ALIGN (0x4)

.init_array     0x0000000008001380        0x4
                0x0000000008001380                . = ALIGN (0x4)
                0x0000000008001380                PROVIDE (__init_array_start = .)
 *(SORT_BY_NAME(.init_array.*))
 *(.init_array*)
 .init_array    0x0000000008001380        0x4 D:/STMicroelectronics/STM32CubeIDE_1.14.0/STM32CubeIDE/plugins/com.st.stm32cube.ide.mcu.externaltools.gnu-tools-for-stm32.11.3.rel1.win32_1.1.100.202309141235/tools/bin/../lib/gcc/arm-none-eabi/11.3.1/thumb/v7e-m+fp/hard/crtbegin.o
                0x0000000008001384                PROVIDE (__init_array_end = .)
                0x0000000008001384                . = ALIGN (0x4)

.fini_array     0x0000000008001384        0x4
                0x0000000008001384                . = ALIGN (0x4)
                [!provide]                        PROVIDE (__fini_array_start = .)
 *(SORT_BY_NAME(.fini_array.*))
 *(.fini_array*)
 .fini_array    0x0000000008001384        0x4 D:/STMicroelectronics/STM32CubeIDE_1.14.0/STM32CubeIDE/plugins/com.st.stm32cube.ide.mcu.externaltools.gnu-tools-for-stm32.11.3.rel1.win32_1.1.100.202309141235/tools/bin/../lib/gcc/arm-none-eabi/11.3.1/thumb/v7e-m+fp/hard/crtbegin.o
                [!provide]                        PROVIDE (__fini_array_end = .)
                0x0000000008001388                . = ALIGN (0x4)
                0x0000000008001388                _sidata = LOADADDR (.data)

.data           0x0000000020000000       0x64 load address 0x0000000008001388
                0x0000000020000000                . = ALIGN (0x4)
                0x0000000020000000                _sdata = .
 *(.data)
 *(.data*)
 .data.current_task
                0x0000000020000000        0x1 ./Src/main.o
                0x0000000020000000                current_task
 *fill*         0x0000000020000001        0x3 
 .data.SystemCoreClock
                0x0000000020000004        0x4 ./driver/Device/ST/ST/stm32f4xx/Source/system_stm32f4xx.o
                0x0000000020000004                SystemCoreClock
 .data.__sglue  0x0000000020000008        0xc D:/STMicroelectronics/STM32CubeIDE_1.14.0/STM32CubeIDE/plugins/com.st.stm32cube.ide.mcu.externaltools.gnu-tools-for-stm32.11.3.rel1.win32_1.1.100.202309141235/tools/bin/../lib/gcc/arm-none-eabi/11.3.1/../../../../arm-none-eabi/lib/thumb/v7e-m+fp/hard\libc_nano.a(libc_a-findfp.o)
                0x0000000020000008                __sglue
 .data._impure_data
                0x0000000020000014       0x4c D:/STMicroelectronics/STM32CubeIDE_1.14.0/STM32CubeIDE/plugins/com.st.stm32cube.ide.mcu.externaltools.gnu-tools-for-stm32.11.3.rel1.win32_1.1.100.202309141235/tools/bin/../lib/gcc/arm-none-eabi/11.3.1/../../../../arm-none-eabi/lib/thumb/v7e-m+fp/hard\libc_nano.a(libc_a-impure.o)
                0x0000000020000014                _impure_data
 .data._impure_ptr
                0x0000000020000060        0x4 D:/STMicroelectronics/STM32CubeIDE_1.14.0/STM32CubeIDE/plugins/com.st.stm32cube.ide.mcu.externaltools.gnu-tools-for-stm32.11.3.rel1.win32_1.1.100.202309141235/tools/bin/../lib/gcc/arm-none-eabi/11.3.1/../../../../arm-none-eabi/lib/thumb/v7e-m+fp/hard\libc_nano.a(libc_a-impure.o)
                0x0000000020000060                _impure_ptr
                0x0000000020000064                . = ALIGN (0x4)
                0x0000000020000064                _edata = .

.igot.plt       0x0000000020000064        0x0 load address 0x00000000080013ec
 .igot.plt      0x0000000020000064        0x0 D:/STMicroelectronics/STM32CubeIDE_1.14.0/STM32CubeIDE/plugins/com.st.stm32cube.ide.mcu.externaltools.gnu-tools-for-stm32.11.3.rel1.win32_1.1.100.202309141235/tools/bin/../lib/gcc/arm-none-eabi/11.3.1/thumb/v7e-m+fp/hard/crtbegin.o
                0x0000000020000064                . = ALIGN (0x4)

.bss            0x0000000020000064      0x1d4 load address 0x00000000080013ec
                0x0000000020000064                _sbss = .
                0x0000000020000064                __bss_start__ = _sbss
 *(.bss)
 .bss           0x0000000020000064       0x1c D:/STMicroelectronics/STM32CubeIDE_1.14.0/STM32CubeIDE/plugins/com.st.stm32cube.ide.mcu.externaltools.gnu-tools-for-stm32.11.3.rel1.win32_1.1.100.202309141235/tools/bin/../lib/gcc/arm-none-eabi/11.3.1/thumb/v7e-m+fp/hard/crtbegin.o
 *(.bss*)
 .bss.g_tick_count
                0x0000000020000080        0x4 ./Src/main.o
                0x0000000020000080                g_tick_count
 .bss.user_tasks
                0x0000000020000084       0x50 ./Src/main.o
                0x0000000020000084                user_tasks
 .bss.debug     0x00000000200000d4       0x14 ./Src/main.o
                0x00000000200000d4                debug
 .bss.heap_end.0
                0x00000000200000e8        0x4 ./Src/sysmem.o
 .bss.__sf      0x00000000200000ec      0x138 D:/STMicroelectronics/STM32CubeIDE_1.14.0/STM32CubeIDE/plugins/com.st.stm32cube.ide.mcu.externaltools.gnu-tools-for-stm32.11.3.rel1.win32_1.1.100.202309141235/tools/bin/../lib/gcc/arm-none-eabi/11.3.1/../../../../arm-none-eabi/lib/thumb/v7e-m+fp/hard\libc_nano.a(libc_a-findfp.o)
                0x00000000200000ec                __sf
 .bss.__stdio_exit_handler
                0x0000000020000224        0x4 D:/STMicroelectronics/STM32CubeIDE_1.14.0/STM32CubeIDE/plugins/com.st.stm32cube.ide.mcu.externaltools.gnu-tools-for-stm32.11.3.rel1.win32_1.1.100.202309141235/tools/bin/../lib/gcc/arm-none-eabi/11.3.1/../../../../arm-none-eabi/lib/thumb/v7e-m+fp/hard\libc_nano.a(libc_a-findfp.o)
                0x0000000020000224                __stdio_exit_handler
 .bss.errno     0x0000000020000228        0x4 D:/STMicroelectronics/STM32CubeIDE_1.14.0/STM32CubeIDE/plugins/com.st.stm32cube.ide.mcu.externaltools.gnu-tools-for-stm32.11.3.rel1.win32_1.1.100.202309141235/tools/bin/../lib/gcc/arm-none-eabi/11.3.1/../../../../arm-none-eabi/lib/thumb/v7e-m+fp/hard\libc_nano.a(libc_a-reent.o)
                0x0000000020000228                errno
 .bss.__lock___malloc_recursive_mutex
                0x000000002000022c        0x1 D:/STMicroelectronics/STM32CubeIDE_1.14.0/STM32CubeIDE/plugins/com.st.stm32cube.ide.mcu.externaltools.gnu-tools-for-stm32.11.3.rel1.win32_1.1.100.202309141235/tools/bin/../lib/gcc/arm-none-eabi/11.3.1/../../../../arm-none-eabi/lib/thumb/v7e-m+fp/hard\libc_nano.a(libc_a-lock.o)
                0x000000002000022c                __lock___malloc_recursive_mutex
 .bss.__lock___sfp_recursive_mutex
                0x000000002000022d        0x1 D:/STMicroelectronics/STM32CubeIDE_1.14.0/STM32CubeIDE/plugins/com.st.stm32cube.ide.mcu.externaltools.gnu-tools-for-stm32.11.3.rel1.win32_1.1.100.202309141235/tools/bin/../lib/gcc/arm-none-eabi/11.3.1/../../../../arm-none-eabi/lib/thumb/v7e-m+fp/hard\libc_nano.a(libc_a-lock.o)
                0x000000002000022d                __lock___sfp_recursive_mutex
 *fill*         0x000000002000022e        0x2 
 .bss.__malloc_free_list
                0x0000000020000230        0x4 D:/STMicroelectronics/STM32CubeIDE_1.14.0/STM32CubeIDE/plugins/com.st.stm32cube.ide.mcu.externaltools.gnu-tools-for-stm32.11.3.rel1.win32_1.1.100.202309141235/tools/bin/../lib/gcc/arm-none-eabi/11.3.1/../../../../arm-none-eabi/lib/thumb/v7e-m+fp/hard\libc_nano.a(libc_a-mallocr.o)
                0x0000000020000230                __malloc_free_list
 .bss.__malloc_sbrk_start
                0x0000000020000234        0x4 D:/STMicroelectronics/STM32CubeIDE_1.14.0/STM32CubeIDE/plugins/com.st.stm32cube.ide.mcu.externaltools.gnu-tools-for-stm32.11.3.rel1.win32_1.1.100.202309141235/tools/bin/../lib/gcc/arm-none-eabi/11.3.1/../../../../arm-none-eabi/lib/thumb/v7e-m+fp/hard\libc_nano.a(libc_a-mallocr.o)
                0x0000000020000234                __malloc_sbrk_start
 *(COMMON)
                0x0000000020000238                . = ALIGN (0x4)
                0x0000000020000238                _ebss = .
                0x0000000020000238                __bss_end__ = _ebss

._user_heap_stack
                0x0000000020000238      0x600 load address 0x00000000080013ec
                0x0000000020000238                . = ALIGN (0x8)
                0x0000000020000238                PROVIDE (end = .)
                [!provide]                        PROVIDE (_end = .)
                0x0000000020000438                . = (. + _Min_Heap_Size)
 *fill*         0x0000000020000238      0x200 
                0x0000000020000838                . = (. + _Min_Stack_Size)
 *fill*         0x0000000020000438      0x400 
                0x0000000020000838                . = ALIGN (0x8)

/DISCARD/
 libc.a(*)
 libm.a(*)
 libgcc.a(*)

.ARM.attributes
                0x0000000000000000       0x30
 *(.ARM.attributes)
 .ARM.attributes
                0x0000000000000000       0x1e D:/STMicroelectronics/STM32CubeIDE_1.14.0/STM32CubeIDE/plugins/com.st.stm32cube.ide.mcu.externaltools.gnu-tools-for-stm32.11.3.rel1.win32_1.1.100.202309141235/tools/bin/../lib/gcc/arm-none-eabi/11.3.1/thumb/v7e-m+fp/hard/crti.o
 .ARM.attributes
                0x000000000000001e       0x34 D:/STMicroelectronics/STM32CubeIDE_1.14.0/STM32CubeIDE/plugins/com.st.stm32cube.ide.mcu.externaltools.gnu-tools-for-stm32.11.3.rel1.win32_1.1.100.202309141235/tools/bin/../lib/gcc/arm-none-eabi/11.3.1/thumb/v7e-m+fp/hard/crtbegin.o
 .ARM.attributes
                0x0000000000000052       0x34 ./Src/led.o
 .ARM.attributes
                0x0000000000000086       0x34 ./Src/main.o
 .ARM.attributes
                0x00000000000000ba       0x34 ./Src/syscalls.o
 .ARM.attributes
                0x00000000000000ee       0x34 ./Src/sysmem.o
 .ARM.attributes
                0x0000000000000122       0x21 ./Startup/startup_stm32f407vgtx.o
 .ARM.attributes
                0x0000000000000143       0x34 ./driver/Device/ST/ST/stm32f4xx/Source/system_stm32f4xx.o
 .ARM.attributes
                0x0000000000000177       0x34 D:/STMicroelectronics/STM32CubeIDE_1.14.0/STM32CubeIDE/plugins/com.st.stm32cube.ide.mcu.externaltools.gnu-tools-for-stm32.11.3.rel1.win32_1.1.100.202309141235/tools/bin/../lib/gcc/arm-none-eabi/11.3.1/../../../../arm-none-eabi/lib/thumb/v7e-m+fp/hard\libc_nano.a(libc_a-findfp.o)
 .ARM.attributes
                0x00000000000001ab       0x34 D:/STMicroelectronics/STM32CubeIDE_1.14.0/STM32CubeIDE/plugins/com.st.stm32cube.ide.mcu.externaltools.gnu-tools-for-stm32.11.3.rel1.win32_1.1.100.202309141235/tools/bin/../lib/gcc/arm-none-eabi/11.3.1/../../../../arm-none-eabi/lib/thumb/v7e-m+fp/hard\libc_nano.a(libc_a-fwalk.o)
 .ARM.attributes
                0x00000000000001df       0x34 D:/STMicroelectronics/STM32CubeIDE_1.14.0/STM32CubeIDE/plugins/com.st.stm32cube.ide.mcu.externaltools.gnu-tools-for-stm32.11.3.rel1.win32_1.1.100.202309141235/tools/bin/../lib/gcc/arm-none-eabi/11.3.1/../../../../arm-none-eabi/lib/thumb/v7e-m+fp/hard\libc_nano.a(libc_a-puts.o)
 .ARM.attributes
                0x0000000000000213       0x34 D:/STMicroelectronics/STM32CubeIDE_1.14.0/STM32CubeIDE/plugins/com.st.stm32cube.ide.mcu.externaltools.gnu-tools-for-stm32.11.3.rel1.win32_1.1.100.202309141235/tools/bin/../lib/gcc/arm-none-eabi/11.3.1/../../../../arm-none-eabi/lib/thumb/v7e-m+fp/hard\libc_nano.a(libc_a-stdio.o)
 .ARM.attributes
                0x0000000000000247       0x34 D:/STMicroelectronics/STM32CubeIDE_1.14.0/STM32CubeIDE/plugins/com.st.stm32cube.ide.mcu.externaltools.gnu-tools-for-stm32.11.3.rel1.win32_1.1.100.202309141235/tools/bin/../lib/gcc/arm-none-eabi/11.3.1/../../../../arm-none-eabi/lib/thumb/v7e-m+fp/hard\libc_nano.a(libc_a-wbuf.o)
 .ARM.attributes
                0x000000000000027b       0x34 D:/STMicroelectronics/STM32CubeIDE_1.14.0/STM32CubeIDE/plugins/com.st.stm32cube.ide.mcu.externaltools.gnu-tools-for-stm32.11.3.rel1.win32_1.1.100.202309141235/tools/bin/../lib/gcc/arm-none-eabi/11.3.1/../../../../arm-none-eabi/lib/thumb/v7e-m+fp/hard\libc_nano.a(libc_a-wsetup.o)
 .ARM.attributes
                0x00000000000002af       0x34 D:/STMicroelectronics/STM32CubeIDE_1.14.0/STM32CubeIDE/plugins/com.st.stm32cube.ide.mcu.externaltools.gnu-tools-for-stm32.11.3.rel1.win32_1.1.100.202309141235/tools/bin/../lib/gcc/arm-none-eabi/11.3.1/../../../../arm-none-eabi/lib/thumb/v7e-m+fp/hard\libc_nano.a(libc_a-memset.o)
 .ARM.attributes
                0x00000000000002e3       0x34 D:/STMicroelectronics/STM32CubeIDE_1.14.0/STM32CubeIDE/plugins/com.st.stm32cube.ide.mcu.externaltools.gnu-tools-for-stm32.11.3.rel1.win32_1.1.100.202309141235/tools/bin/../lib/gcc/arm-none-eabi/11.3.1/../../../../arm-none-eabi/lib/thumb/v7e-m+fp/hard\libc_nano.a(libc_a-closer.o)
 .ARM.attributes
                0x0000000000000317       0x34 D:/STMicroelectronics/STM32CubeIDE_1.14.0/STM32CubeIDE/plugins/com.st.stm32cube.ide.mcu.externaltools.gnu-tools-for-stm32.11.3.rel1.win32_1.1.100.202309141235/tools/bin/../lib/gcc/arm-none-eabi/11.3.1/../../../../arm-none-eabi/lib/thumb/v7e-m+fp/hard\libc_nano.a(libc_a-reent.o)
 .ARM.attributes
                0x000000000000034b       0x34 D:/STMicroelectronics/STM32CubeIDE_1.14.0/STM32CubeIDE/plugins/com.st.stm32cube.ide.mcu.externaltools.gnu-tools-for-stm32.11.3.rel1.win32_1.1.100.202309141235/tools/bin/../lib/gcc/arm-none-eabi/11.3.1/../../../../arm-none-eabi/lib/thumb/v7e-m+fp/hard\libc_nano.a(libc_a-impure.o)
 .ARM.attributes
                0x000000000000037f       0x34 D:/STMicroelectronics/STM32CubeIDE_1.14.0/STM32CubeIDE/plugins/com.st.stm32cube.ide.mcu.externaltools.gnu-tools-for-stm32.11.3.rel1.win32_1.1.100.202309141235/tools/bin/../lib/gcc/arm-none-eabi/11.3.1/../../../../arm-none-eabi/lib/thumb/v7e-m+fp/hard\libc_nano.a(libc_a-lseekr.o)
 .ARM.attributes
                0x00000000000003b3       0x34 D:/STMicroelectronics/STM32CubeIDE_1.14.0/STM32CubeIDE/plugins/com.st.stm32cube.ide.mcu.externaltools.gnu-tools-for-stm32.11.3.rel1.win32_1.1.100.202309141235/tools/bin/../lib/gcc/arm-none-eabi/11.3.1/../../../../arm-none-eabi/lib/thumb/v7e-m+fp/hard\libc_nano.a(libc_a-readr.o)
 .ARM.attributes
                0x00000000000003e7       0x34 D:/STMicroelectronics/STM32CubeIDE_1.14.0/STM32CubeIDE/plugins/com.st.stm32cube.ide.mcu.externaltools.gnu-tools-for-stm32.11.3.rel1.win32_1.1.100.202309141235/tools/bin/../lib/gcc/arm-none-eabi/11.3.1/../../../../arm-none-eabi/lib/thumb/v7e-m+fp/hard\libc_nano.a(libc_a-writer.o)
 .ARM.attributes
                0x000000000000041b       0x34 D:/STMicroelectronics/STM32CubeIDE_1.14.0/STM32CubeIDE/plugins/com.st.stm32cube.ide.mcu.externaltools.gnu-tools-for-stm32.11.3.rel1.win32_1.1.100.202309141235/tools/bin/../lib/gcc/arm-none-eabi/11.3.1/../../../../arm-none-eabi/lib/thumb/v7e-m+fp/hard\libc_nano.a(libc_a-errno.o)
 .ARM.attributes
                0x000000000000044f       0x34 D:/STMicroelectronics/STM32CubeIDE_1.14.0/STM32CubeIDE/plugins/com.st.stm32cube.ide.mcu.externaltools.gnu-tools-for-stm32.11.3.rel1.win32_1.1.100.202309141235/tools/bin/../lib/gcc/arm-none-eabi/11.3.1/../../../../arm-none-eabi/lib/thumb/v7e-m+fp/hard\libc_nano.a(libc_a-init.o)
 .ARM.attributes
                0x0000000000000483       0x34 D:/STMicroelectronics/STM32CubeIDE_1.14.0/STM32CubeIDE/plugins/com.st.stm32cube.ide.mcu.externaltools.gnu-tools-for-stm32.11.3.rel1.win32_1.1.100.202309141235/tools/bin/../lib/gcc/arm-none-eabi/11.3.1/../../../../arm-none-eabi/lib/thumb/v7e-m+fp/hard\libc_nano.a(libc_a-lock.o)
 .ARM.attributes
                0x00000000000004b7       0x34 D:/STMicroelectronics/STM32CubeIDE_1.14.0/STM32CubeIDE/plugins/com.st.stm32cube.ide.mcu.externaltools.gnu-tools-for-stm32.11.3.rel1.win32_1.1.100.202309141235/tools/bin/../lib/gcc/arm-none-eabi/11.3.1/../../../../arm-none-eabi/lib/thumb/v7e-m+fp/hard\libc_nano.a(libc_a-freer.o)
 .ARM.attributes
                0x00000000000004eb       0x34 D:/STMicroelectronics/STM32CubeIDE_1.14.0/STM32CubeIDE/plugins/com.st.stm32cube.ide.mcu.externaltools.gnu-tools-for-stm32.11.3.rel1.win32_1.1.100.202309141235/tools/bin/../lib/gcc/arm-none-eabi/11.3.1/../../../../arm-none-eabi/lib/thumb/v7e-m+fp/hard\libc_nano.a(libc_a-mallocr.o)
 .ARM.attributes
                0x000000000000051f       0x34 D:/STMicroelectronics/STM32CubeIDE_1.14.0/STM32CubeIDE/plugins/com.st.stm32cube.ide.mcu.externaltools.gnu-tools-for-stm32.11.3.rel1.win32_1.1.100.202309141235/tools/bin/../lib/gcc/arm-none-eabi/11.3.1/../../../../arm-none-eabi/lib/thumb/v7e-m+fp/hard\libc_nano.a(libc_a-mlock.o)
 .ARM.attributes
                0x0000000000000553       0x34 D:/STMicroelectronics/STM32CubeIDE_1.14.0/STM32CubeIDE/plugins/com.st.stm32cube.ide.mcu.externaltools.gnu-tools-for-stm32.11.3.rel1.win32_1.1.100.202309141235/tools/bin/../lib/gcc/arm-none-eabi/11.3.1/../../../../arm-none-eabi/lib/thumb/v7e-m+fp/hard\libc_nano.a(libc_a-fflush.o)
 .ARM.attributes
                0x0000000000000587       0x34 D:/STMicroelectronics/STM32CubeIDE_1.14.0/STM32CubeIDE/plugins/com.st.stm32cube.ide.mcu.externaltools.gnu-tools-for-stm32.11.3.rel1.win32_1.1.100.202309141235/tools/bin/../lib/gcc/arm-none-eabi/11.3.1/../../../../arm-none-eabi/lib/thumb/v7e-m+fp/hard\libc_nano.a(libc_a-makebuf.o)
 .ARM.attributes
                0x00000000000005bb       0x34 D:/STMicroelectronics/STM32CubeIDE_1.14.0/STM32CubeIDE/plugins/com.st.stm32cube.ide.mcu.externaltools.gnu-tools-for-stm32.11.3.rel1.win32_1.1.100.202309141235/tools/bin/../lib/gcc/arm-none-eabi/11.3.1/../../../../arm-none-eabi/lib/thumb/v7e-m+fp/hard\libc_nano.a(libc_a-fstatr.o)
 .ARM.attributes
                0x00000000000005ef       0x34 D:/STMicroelectronics/STM32CubeIDE_1.14.0/STM32CubeIDE/plugins/com.st.stm32cube.ide.mcu.externaltools.gnu-tools-for-stm32.11.3.rel1.win32_1.1.100.202309141235/tools/bin/../lib/gcc/arm-none-eabi/11.3.1/../../../../arm-none-eabi/lib/thumb/v7e-m+fp/hard\libc_nano.a(libc_a-isattyr.o)
 .ARM.attributes
                0x0000000000000623       0x34 D:/STMicroelectronics/STM32CubeIDE_1.14.0/STM32CubeIDE/plugins/com.st.stm32cube.ide.mcu.externaltools.gnu-tools-for-stm32.11.3.rel1.win32_1.1.100.202309141235/tools/bin/../lib/gcc/arm-none-eabi/11.3.1/../../../../arm-none-eabi/lib/thumb/v7e-m+fp/hard\libc_nano.a(libc_a-sbrkr.o)
 .ARM.attributes
                0x0000000000000657       0x1e D:/STMicroelectronics/STM32CubeIDE_1.14.0/STM32CubeIDE/plugins/com.st.stm32cube.ide.mcu.externaltools.gnu-tools-for-stm32.11.3.rel1.win32_1.1.100.202309141235/tools/bin/../lib/gcc/arm-none-eabi/11.3.1/thumb/v7e-m+fp/hard/crtn.o
OUTPUT(cmsis_task_scheduler.elf elf32-littlearm)
LOAD linker stubs
LOAD D:/STMicroelectronics/STM32CubeIDE_1.14.0/STM32CubeIDE/plugins/com.st.stm32cube.ide.mcu.externaltools.gnu-tools-for-stm32.11.3.rel1.win32_1.1.100.202309141235/tools/bin/../lib/gcc/arm-none-eabi/11.3.1/../../../../arm-none-eabi/lib/thumb/v7e-m+fp/hard\libc.a
LOAD D:/STMicroelectronics/STM32CubeIDE_1.14.0/STM32CubeIDE/plugins/com.st.stm32cube.ide.mcu.externaltools.gnu-tools-for-stm32.11.3.rel1.win32_1.1.100.202309141235/tools/bin/../lib/gcc/arm-none-eabi/11.3.1/../../../../arm-none-eabi/lib/thumb/v7e-m+fp/hard\libm.a
LOAD D:/STMicroelectronics/STM32CubeIDE_1.14.0/STM32CubeIDE/plugins/com.st.stm32cube.ide.mcu.externaltools.gnu-tools-for-stm32.11.3.rel1.win32_1.1.100.202309141235/tools/bin/../lib/gcc/arm-none-eabi/11.3.1/thumb/v7e-m+fp/hard\libgcc.a

.comment        0x0000000000000000       0x43
 .comment       0x0000000000000000       0x43 D:/STMicroelectronics/STM32CubeIDE_1.14.0/STM32CubeIDE/plugins/com.st.stm32cube.ide.mcu.externaltools.gnu-tools-for-stm32.11.3.rel1.win32_1.1.100.202309141235/tools/bin/../lib/gcc/arm-none-eabi/11.3.1/thumb/v7e-m+fp/hard/crtbegin.o
                                         0x44 (size before relaxing)
 .comment       0x0000000000000043       0x44 ./Src/led.o
 .comment       0x0000000000000043       0x44 ./Src/main.o
 .comment       0x0000000000000043       0x44 ./Src/syscalls.o
 .comment       0x0000000000000043       0x44 ./Src/sysmem.o
 .comment       0x0000000000000043       0x44 ./driver/Device/ST/ST/stm32f4xx/Source/system_stm32f4xx.o

.debug_info     0x0000000000000000     0x140c
 .debug_info    0x0000000000000000      0x174 ./Src/led.o
 .debug_info    0x0000000000000174      0x9d0 ./Src/main.o
 .debug_info    0x0000000000000b44      0x6de ./Src/syscalls.o
 .debug_info    0x0000000000001222      0x104 ./Src/sysmem.o
 .debug_info    0x0000000000001326       0x23 ./Startup/startup_stm32f407vgtx.o
 .debug_info    0x0000000000001349       0xc3 ./driver/Device/ST/ST/stm32f4xx/Source/system_stm32f4xx.o

.debug_abbrev   0x0000000000000000      0x709
 .debug_abbrev  0x0000000000000000       0xd3 ./Src/led.o
 .debug_abbrev  0x00000000000000d3      0x33b ./Src/main.o
 .debug_abbrev  0x000000000000040e      0x1b1 ./Src/syscalls.o
 .debug_abbrev  0x00000000000005bf       0xc0 ./Src/sysmem.o
 .debug_abbrev  0x000000000000067f       0x12 ./Startup/startup_stm32f407vgtx.o
 .debug_abbrev  0x0000000000000691       0x78 ./driver/Device/ST/ST/stm32f4xx/Source/system_stm32f4xx.o

.debug_aranges  0x0000000000000000      0x238
 .debug_aranges
                0x0000000000000000       0x38 ./Src/led.o
 .debug_aranges
                0x0000000000000038       0xe0 ./Src/main.o
 .debug_aranges
                0x0000000000000118       0xb0 ./Src/syscalls.o
 .debug_aranges
                0x00000000000001c8       0x20 ./Src/sysmem.o
 .debug_aranges
                0x00000000000001e8       0x28 ./Startup/startup_stm32f407vgtx.o
 .debug_aranges
                0x0000000000000210       0x28 ./driver/Device/ST/ST/stm32f4xx/Source/system_stm32f4xx.o

.debug_rnglists
                0x0000000000000000      0x18e
 .debug_rnglists
                0x0000000000000000       0x25 ./Src/led.o
 .debug_rnglists
                0x0000000000000025       0xa5 ./Src/main.o
 .debug_rnglists
                0x00000000000000ca       0x7f ./Src/syscalls.o
 .debug_rnglists
                0x0000000000000149       0x13 ./Src/sysmem.o
 .debug_rnglists
                0x000000000000015c       0x19 ./Startup/startup_stm32f407vgtx.o
 .debug_rnglists
                0x0000000000000175       0x19 ./driver/Device/ST/ST/stm32f4xx/Source/system_stm32f4xx.o

.debug_macro    0x0000000000000000     0x420f
 .debug_macro   0x0000000000000000       0x6c ./Src/led.o
 .debug_macro   0x000000000000006c      0xab4 ./Src/led.o
 .debug_macro   0x0000000000000b20       0x22 ./Src/led.o
 .debug_macro   0x0000000000000b42       0x8e ./Src/led.o
 .debug_macro   0x0000000000000bd0       0x51 ./Src/led.o
 .debug_macro   0x0000000000000c21      0x103 ./Src/led.o
 .debug_macro   0x0000000000000d24       0x6a ./Src/led.o
 .debug_macro   0x0000000000000d8e      0x1df ./Src/led.o
 .debug_macro   0x0000000000000f6d       0x40 ./Src/led.o
 .debug_macro   0x0000000000000fad      0x1ae ./Src/main.o
 .debug_macro   0x000000000000115b       0x5b ./Src/main.o
 .debug_macro   0x00000000000011b6       0x2a ./Src/main.o
 .debug_macro   0x00000000000011e0       0x94 ./Src/main.o
 .debug_macro   0x0000000000001274       0x43 ./Src/main.o
 .debug_macro   0x00000000000012b7       0x34 ./Src/main.o
 .debug_macro   0x00000000000012eb       0x16 ./Src/main.o
 .debug_macro   0x0000000000001301       0x57 ./Src/main.o
 .debug_macro   0x0000000000001358       0x97 ./Src/main.o
 .debug_macro   0x00000000000013ef      0x369 ./Src/main.o
 .debug_macro   0x0000000000001758       0xfd ./Src/main.o
 .debug_macro   0x0000000000001855       0x10 ./Src/main.o
 .debug_macro   0x0000000000001865       0x16 ./Src/main.o
 .debug_macro   0x000000000000187b       0x43 ./Src/main.o
 .debug_macro   0x00000000000018be       0x34 ./Src/main.o
 .debug_macro   0x00000000000018f2       0x10 ./Src/main.o
 .debug_macro   0x0000000000001902       0x58 ./Src/main.o
 .debug_macro   0x000000000000195a       0x8e ./Src/main.o
 .debug_macro   0x00000000000019e8       0x1c ./Src/main.o
 .debug_macro   0x0000000000001a04      0x177 ./Src/main.o
 .debug_macro   0x0000000000001b7b       0x16 ./Src/main.o
 .debug_macro   0x0000000000001b91       0x16 ./Src/main.o
 .debug_macro   0x0000000000001ba7      0x147 ./Src/main.o
 .debug_macro   0x0000000000001cee       0x82 ./Src/main.o
 .debug_macro   0x0000000000001d70       0x3a ./Src/main.o
 .debug_macro   0x0000000000001daa       0x50 ./Src/main.o
 .debug_macro   0x0000000000001dfa       0x1c ./Src/main.o
 .debug_macro   0x0000000000001e16       0x22 ./Src/main.o
 .debug_macro   0x0000000000001e38       0xfb ./Src/main.o
 .debug_macro   0x0000000000001f33     0x1011 ./Src/main.o
 .debug_macro   0x0000000000002f44      0x11f ./Src/main.o
 .debug_macro   0x0000000000003063       0x43 ./Src/main.o
 .debug_macro   0x00000000000030a6      0x286 ./Src/syscalls.o
 .debug_macro   0x000000000000332c      0x174 ./Src/syscalls.o
 .debug_macro   0x00000000000034a0       0x10 ./Src/syscalls.o
 .debug_macro   0x00000000000034b0       0x35 ./Src/syscalls.o
 .debug_macro   0x00000000000034e5       0x10 ./Src/syscalls.o
 .debug_macro   0x00000000000034f5       0x10 ./Src/syscalls.o
 .debug_macro   0x0000000000003505       0x10 ./Src/syscalls.o
 .debug_macro   0x0000000000003515       0x1c ./Src/syscalls.o
 .debug_macro   0x0000000000003531       0x52 ./Src/syscalls.o
 .debug_macro   0x0000000000003583       0x22 ./Src/syscalls.o
 .debug_macro   0x00000000000035a5       0x10 ./Src/syscalls.o
 .debug_macro   0x00000000000035b5       0x52 ./Src/syscalls.o
 .debug_macro   0x0000000000003607       0xcf ./Src/syscalls.o
 .debug_macro   0x00000000000036d6       0x1c ./Src/syscalls.o
 .debug_macro   0x00000000000036f2       0x3d ./Src/syscalls.o
 .debug_macro   0x000000000000372f       0x35 ./Src/syscalls.o
 .debug_macro   0x0000000000003764      0x12c ./Src/syscalls.o
 .debug_macro   0x0000000000003890       0x16 ./Src/syscalls.o
 .debug_macro   0x00000000000038a6       0x16 ./Src/syscalls.o
 .debug_macro   0x00000000000038bc       0x29 ./Src/syscalls.o
 .debug_macro   0x00000000000038e5       0x10 ./Src/syscalls.o
 .debug_macro   0x00000000000038f5      0x242 ./Src/syscalls.o
 .debug_macro   0x0000000000003b37       0x1c ./Src/syscalls.o
 .debug_macro   0x0000000000003b53       0x10 ./Src/syscalls.o
 .debug_macro   0x0000000000003b63      0x18a ./Src/syscalls.o
 .debug_macro   0x0000000000003ced       0x16 ./Src/syscalls.o
 .debug_macro   0x0000000000003d03       0xce ./Src/syscalls.o
 .debug_macro   0x0000000000003dd1      0x11b ./Src/sysmem.o
 .debug_macro   0x0000000000003eec      0x23c ./Src/sysmem.o
 .debug_macro   0x0000000000004128       0x1c ./Src/sysmem.o
 .debug_macro   0x0000000000004144       0xcb ./driver/Device/ST/ST/stm32f4xx/Source/system_stm32f4xx.o

.debug_line     0x0000000000000000     0x2a43
 .debug_line    0x0000000000000000      0x531 ./Src/led.o
 .debug_line    0x0000000000000531      0xccf ./Src/main.o
 .debug_line    0x0000000000001200      0xa7d ./Src/syscalls.o
 .debug_line    0x0000000000001c7d      0x70c ./Src/sysmem.o
 .debug_line    0x0000000000002389       0x7b ./Startup/startup_stm32f407vgtx.o
 .debug_line    0x0000000000002404      0x63f ./driver/Device/ST/ST/stm32f4xx/Source/system_stm32f4xx.o

.debug_str      0x0000000000000000    0x11627
 .debug_str     0x0000000000000000     0x3cfb ./Src/led.o
                                       0x3e78 (size before relaxing)
 .debug_str     0x0000000000003cfb     0xb6aa ./Src/main.o
                                       0xf5a0 (size before relaxing)
 .debug_str     0x000000000000f3a5     0x218d ./Src/syscalls.o
                                       0x9988 (size before relaxing)
 .debug_str     0x0000000000011532       0x31 ./Src/sysmem.o
                                       0x70e7 (size before relaxing)
 .debug_str     0x0000000000011563       0x2f ./Startup/startup_stm32f407vgtx.o
                                         0x83 (size before relaxing)
 .debug_str     0x0000000000011592       0x95 ./driver/Device/ST/ST/stm32f4xx/Source/system_stm32f4xx.o
                                       0xaf23 (size before relaxing)

.debug_frame    0x0000000000000000      0xdac
 .debug_frame   0x0000000000000000       0xac ./Src/led.o
 .debug_frame   0x00000000000000ac      0x30c ./Src/main.o
 .debug_frame   0x00000000000003b8      0x2d4 ./Src/syscalls.o
 .debug_frame   0x000000000000068c       0x34 ./Src/sysmem.o
 .debug_frame   0x00000000000006c0       0x50 ./driver/Device/ST/ST/stm32f4xx/Source/system_stm32f4xx.o
 .debug_frame   0x0000000000000710      0x144 D:/STMicroelectronics/STM32CubeIDE_1.14.0/STM32CubeIDE/plugins/com.st.stm32cube.ide.mcu.externaltools.gnu-tools-for-stm32.11.3.rel1.win32_1.1.100.202309141235/tools/bin/../lib/gcc/arm-none-eabi/11.3.1/../../../../arm-none-eabi/lib/thumb/v7e-m+fp/hard\libc_nano.a(libc_a-findfp.o)
 .debug_frame   0x0000000000000854       0x34 D:/STMicroelectronics/STM32CubeIDE_1.14.0/STM32CubeIDE/plugins/com.st.stm32cube.ide.mcu.externaltools.gnu-tools-for-stm32.11.3.rel1.win32_1.1.100.202309141235/tools/bin/../lib/gcc/arm-none-eabi/11.3.1/../../../../arm-none-eabi/lib/thumb/v7e-m+fp/hard\libc_nano.a(libc_a-fwalk.o)
 .debug_frame   0x0000000000000888       0x3c D:/STMicroelectronics/STM32CubeIDE_1.14.0/STM32CubeIDE/plugins/com.st.stm32cube.ide.mcu.externaltools.gnu-tools-for-stm32.11.3.rel1.win32_1.1.100.202309141235/tools/bin/../lib/gcc/arm-none-eabi/11.3.1/../../../../arm-none-eabi/lib/thumb/v7e-m+fp/hard\libc_nano.a(libc_a-puts.o)
 .debug_frame   0x00000000000008c4       0x88 D:/STMicroelectronics/STM32CubeIDE_1.14.0/STM32CubeIDE/plugins/com.st.stm32cube.ide.mcu.externaltools.gnu-tools-for-stm32.11.3.rel1.win32_1.1.100.202309141235/tools/bin/../lib/gcc/arm-none-eabi/11.3.1/../../../../arm-none-eabi/lib/thumb/v7e-m+fp/hard\libc_nano.a(libc_a-stdio.o)
 .debug_frame   0x000000000000094c       0x40 D:/STMicroelectronics/STM32CubeIDE_1.14.0/STM32CubeIDE/plugins/com.st.stm32cube.ide.mcu.externaltools.gnu-tools-for-stm32.11.3.rel1.win32_1.1.100.202309141235/tools/bin/../lib/gcc/arm-none-eabi/11.3.1/../../../../arm-none-eabi/lib/thumb/v7e-m+fp/hard\libc_nano.a(libc_a-wbuf.o)
 .debug_frame   0x000000000000098c       0x2c D:/STMicroelectronics/STM32CubeIDE_1.14.0/STM32CubeIDE/plugins/com.st.stm32cube.ide.mcu.externaltools.gnu-tools-for-stm32.11.3.rel1.win32_1.1.100.202309141235/tools/bin/../lib/gcc/arm-none-eabi/11.3.1/../../../../arm-none-eabi/lib/thumb/v7e-m+fp/hard\libc_nano.a(libc_a-wsetup.o)
 .debug_frame   0x00000000000009b8       0x20 D:/STMicroelectronics/STM32CubeIDE_1.14.0/STM32CubeIDE/plugins/com.st.stm32cube.ide.mcu.externaltools.gnu-tools-for-stm32.11.3.rel1.win32_1.1.100.202309141235/tools/bin/../lib/gcc/arm-none-eabi/11.3.1/../../../../arm-none-eabi/lib/thumb/v7e-m+fp/hard\libc_nano.a(libc_a-memset.o)
 .debug_frame   0x00000000000009d8       0x2c D:/STMicroelectronics/STM32CubeIDE_1.14.0/STM32CubeIDE/plugins/com.st.stm32cube.ide.mcu.externaltools.gnu-tools-for-stm32.11.3.rel1.win32_1.1.100.202309141235/tools/bin/../lib/gcc/arm-none-eabi/11.3.1/../../../../arm-none-eabi/lib/thumb/v7e-m+fp/hard\libc_nano.a(libc_a-closer.o)
 .debug_frame   0x0000000000000a04       0x38 D:/STMicroelectronics/STM32CubeIDE_1.14.0/STM32CubeIDE/plugins/com.st.stm32cube.ide.mcu.externaltools.gnu-tools-for-stm32.11.3.rel1.win32_1.1.100.202309141235/tools/bin/../lib/gcc/arm-none-eabi/11.3.1/../../../../arm-none-eabi/lib/thumb/v7e-m+fp/hard\libc_nano.a(libc_a-reent.o)
 .debug_frame   0x0000000000000a3c       0x2c D:/STMicroelectronics/STM32CubeIDE_1.14.0/STM32CubeIDE/plugins/com.st.stm32cube.ide.mcu.externaltools.gnu-tools-for-stm32.11.3.rel1.win32_1.1.100.202309141235/tools/bin/../lib/gcc/arm-none-eabi/11.3.1/../../../../arm-none-eabi/lib/thumb/v7e-m+fp/hard\libc_nano.a(libc_a-lseekr.o)
 .debug_frame   0x0000000000000a68       0x2c D:/STMicroelectronics/STM32CubeIDE_1.14.0/STM32CubeIDE/plugins/com.st.stm32cube.ide.mcu.externaltools.gnu-tools-for-stm32.11.3.rel1.win32_1.1.100.202309141235/tools/bin/../lib/gcc/arm-none-eabi/11.3.1/../../../../arm-none-eabi/lib/thumb/v7e-m+fp/hard\libc_nano.a(libc_a-readr.o)
 .debug_frame   0x0000000000000a94       0x2c D:/STMicroelectronics/STM32CubeIDE_1.14.0/STM32CubeIDE/plugins/com.st.stm32cube.ide.mcu.externaltools.gnu-tools-for-stm32.11.3.rel1.win32_1.1.100.202309141235/tools/bin/../lib/gcc/arm-none-eabi/11.3.1/../../../../arm-none-eabi/lib/thumb/v7e-m+fp/hard\libc_nano.a(libc_a-writer.o)
 .debug_frame   0x0000000000000ac0       0x20 D:/STMicroelectronics/STM32CubeIDE_1.14.0/STM32CubeIDE/plugins/com.st.stm32cube.ide.mcu.externaltools.gnu-tools-for-stm32.11.3.rel1.win32_1.1.100.202309141235/tools/bin/../lib/gcc/arm-none-eabi/11.3.1/../../../../arm-none-eabi/lib/thumb/v7e-m+fp/hard\libc_nano.a(libc_a-errno.o)
 .debug_frame   0x0000000000000ae0       0x2c D:/STMicroelectronics/STM32CubeIDE_1.14.0/STM32CubeIDE/plugins/com.st.stm32cube.ide.mcu.externaltools.gnu-tools-for-stm32.11.3.rel1.win32_1.1.100.202309141235/tools/bin/../lib/gcc/arm-none-eabi/11.3.1/../../../../arm-none-eabi/lib/thumb/v7e-m+fp/hard\libc_nano.a(libc_a-init.o)
 .debug_frame   0x0000000000000b0c       0xb0 D:/STMicroelectronics/STM32CubeIDE_1.14.0/STM32CubeIDE/plugins/com.st.stm32cube.ide.mcu.externaltools.gnu-tools-for-stm32.11.3.rel1.win32_1.1.100.202309141235/tools/bin/../lib/gcc/arm-none-eabi/11.3.1/../../../../arm-none-eabi/lib/thumb/v7e-m+fp/hard\libc_nano.a(libc_a-lock.o)
 .debug_frame   0x0000000000000bbc       0x38 D:/STMicroelectronics/STM32CubeIDE_1.14.0/STM32CubeIDE/plugins/com.st.stm32cube.ide.mcu.externaltools.gnu-tools-for-stm32.11.3.rel1.win32_1.1.100.202309141235/tools/bin/../lib/gcc/arm-none-eabi/11.3.1/../../../../arm-none-eabi/lib/thumb/v7e-m+fp/hard\libc_nano.a(libc_a-freer.o)
 .debug_frame   0x0000000000000bf4       0x50 D:/STMicroelectronics/STM32CubeIDE_1.14.0/STM32CubeIDE/plugins/com.st.stm32cube.ide.mcu.externaltools.gnu-tools-for-stm32.11.3.rel1.win32_1.1.100.202309141235/tools/bin/../lib/gcc/arm-none-eabi/11.3.1/../../../../arm-none-eabi/lib/thumb/v7e-m+fp/hard\libc_nano.a(libc_a-mallocr.o)
 .debug_frame   0x0000000000000c44       0x30 D:/STMicroelectronics/STM32CubeIDE_1.14.0/STM32CubeIDE/plugins/com.st.stm32cube.ide.mcu.externaltools.gnu-tools-for-stm32.11.3.rel1.win32_1.1.100.202309141235/tools/bin/../lib/gcc/arm-none-eabi/11.3.1/../../../../arm-none-eabi/lib/thumb/v7e-m+fp/hard\libc_nano.a(libc_a-mlock.o)
 .debug_frame   0x0000000000000c74       0x5c D:/STMicroelectronics/STM32CubeIDE_1.14.0/STM32CubeIDE/plugins/com.st.stm32cube.ide.mcu.externaltools.gnu-tools-for-stm32.11.3.rel1.win32_1.1.100.202309141235/tools/bin/../lib/gcc/arm-none-eabi/11.3.1/../../../../arm-none-eabi/lib/thumb/v7e-m+fp/hard\libc_nano.a(libc_a-fflush.o)
 .debug_frame   0x0000000000000cd0       0x58 D:/STMicroelectronics/STM32CubeIDE_1.14.0/STM32CubeIDE/plugins/com.st.stm32cube.ide.mcu.externaltools.gnu-tools-for-stm32.11.3.rel1.win32_1.1.100.202309141235/tools/bin/../lib/gcc/arm-none-eabi/11.3.1/../../../../arm-none-eabi/lib/thumb/v7e-m+fp/hard\libc_nano.a(libc_a-makebuf.o)
 .debug_frame   0x0000000000000d28       0x2c D:/STMicroelectronics/STM32CubeIDE_1.14.0/STM32CubeIDE/plugins/com.st.stm32cube.ide.mcu.externaltools.gnu-tools-for-stm32.11.3.rel1.win32_1.1.100.202309141235/tools/bin/../lib/gcc/arm-none-eabi/11.3.1/../../../../arm-none-eabi/lib/thumb/v7e-m+fp/hard\libc_nano.a(libc_a-fstatr.o)
 .debug_frame   0x0000000000000d54       0x2c D:/STMicroelectronics/STM32CubeIDE_1.14.0/STM32CubeIDE/plugins/com.st.stm32cube.ide.mcu.externaltools.gnu-tools-for-stm32.11.3.rel1.win32_1.1.100.202309141235/tools/bin/../lib/gcc/arm-none-eabi/11.3.1/../../../../arm-none-eabi/lib/thumb/v7e-m+fp/hard\libc_nano.a(libc_a-isattyr.o)
 .debug_frame   0x0000000000000d80       0x2c D:/STMicroelectronics/STM32CubeIDE_1.14.0/STM32CubeIDE/plugins/com.st.stm32cube.ide.mcu.externaltools.gnu-tools-for-stm32.11.3.rel1.win32_1.1.100.202309141235/tools/bin/../lib/gcc/arm-none-eabi/11.3.1/../../../../arm-none-eabi/lib/thumb/v7e-m+fp/hard\libc_nano.a(libc_a-sbrkr.o)

.debug_line_str
                0x0000000000000000       0x77
 .debug_line_str
                0x0000000000000000       0x77 ./Startup/startup_stm32f407vgtx.o
                                         0x8f (size before relaxing)
